flutter : Error: No pubspec.yaml file found.
At line:1 char:1
+ flutter run -d "ZD222KVKVY" 2>&1 | tee build_output.log
+ ~~~~~~~~~~~~~~~~~~~~~~~~~~~~~~~~
    + CategoryInfo          : NotSpecified: (Error: No pubspec.yaml file found.:String) 
    [], RemoteException
    + FullyQualifiedErrorId : NativeCommandError
 
This command should be run from the root of your Flutter project.
